// Jest Snapshot v1, https://goo.gl/fbAQLP

exports[`Skeleton should render 4 skeleton items 1`] = `
Skeleton {
  "styles": {
    "color": "blue",
  },
}
`;
